core_cm4.h:1933:34:__NVIC_SystemReset	4	static,ignoring_inline_asm
main.c:83:5:main	8	static
main.c:140:6:SystemClock_Config	96	static
main.c:196:6:PeriphCommonClock_Config	144	static
main.c:222:13:MX_ADC1_Init	48	static
main.c:288:13:MX_ADC2_Init	32	static
main.c:344:13:MX_USART2_UART_Init	8	static
main.c:377:13:MX_DMA_Init	16	static
main.c:395:13:MX_GPIO_Init	48	static
main.c:424:6:HAL_ADC_ConvHalfCpltCallback	16	static
main.c:435:6:HAL_ADC_ConvCpltCallback	232	static
main.c:463:6:Error_Handler	4	static,ignoring_inline_asm
